[htmldemo.net/koncrete/koncrete/index.html]
[backblue.gif]
[fade.gif]
[index.html]
[htmldemo.net/koncrete/koncrete/assets/images/favicon.ico]
[htmldemo.net/koncrete/koncrete/assets/css/iconfont.min.css]
[htmldemo.net/koncrete/koncrete/assets/css/bootstrap.min.css]
[htmldemo.net/koncrete/koncrete/assets/css/plugins.css]
[htmldemo.net/koncrete/koncrete/assets/css/style.css]
[htmldemo.net/koncrete/koncrete/assets/css/helper.css]
[htmldemo.net/koncrete/koncrete/assets/js/vendor/modernizr-2.8.3.min.js]
[htmldemo.net/koncrete/koncrete/assets/images/logo-dark.png]
[htmldemo.net/koncrete/koncrete/index-2.html]
[htmldemo.net/koncrete/koncrete/service.html]
[htmldemo.net/koncrete/koncrete/about.html]
[htmldemo.net/koncrete/koncrete/service-2.html]
[htmldemo.net/koncrete/koncrete/service-details.html]
[htmldemo.net/koncrete/koncrete/service-details-right-sidebar.html]
[htmldemo.net/koncrete/koncrete/project.html]
[htmldemo.net/koncrete/koncrete/project-2-column.html]
[htmldemo.net/koncrete/koncrete/project-3-column.html]
[htmldemo.net/koncrete/koncrete/project-2-column-gutter-less.html]
[htmldemo.net/koncrete/koncrete/project-3-column-gutter-less.html]
[htmldemo.net/koncrete/koncrete/project-gutter-less.html]
[htmldemo.net/koncrete/koncrete/project-full-width-5-column.html]
[htmldemo.net/koncrete/koncrete/project-full-width-3-column.html]
[htmldemo.net/koncrete/koncrete/project-full-width-4-column.html]
[htmldemo.net/koncrete/koncrete/project-full-width-3-column-gutter-less.html]
[htmldemo.net/koncrete/koncrete/project-full-width-4-column-gutter-less.html]
[htmldemo.net/koncrete/koncrete/project-full-width-5-column-gutter-less.html]
[htmldemo.net/koncrete/koncrete/project-details.html]
[htmldemo.net/koncrete/koncrete/shop.html]
[htmldemo.net/koncrete/koncrete/shop-left-sidebar.html]
[htmldemo.net/koncrete/koncrete/shop-right-sidebar.html]
[htmldemo.net/koncrete/koncrete/product-details.html]
[htmldemo.net/koncrete/koncrete/cart.html]
[htmldemo.net/koncrete/koncrete/product-details-right-sidebar.html]
[htmldemo.net/koncrete/koncrete/checkout.html]
[htmldemo.net/koncrete/koncrete/blog.html]
[htmldemo.net/koncrete/koncrete/blog-left-sidebar.html]
[htmldemo.net/koncrete/koncrete/blog-right-sidebar.html]
[htmldemo.net/koncrete/koncrete/blog-details.html]
[htmldemo.net/koncrete/koncrete/blog-details-right-sidebar.html]
[htmldemo.net/koncrete/koncrete/contact.html]
[htmldemo.net/koncrete/koncrete/assets/images/hero/hero-1.jpg]
[htmldemo.net/koncrete/koncrete/assets/images/hero/hero-2.jpg]
[htmldemo.net/koncrete/koncrete/assets/images/about/about-3.jpg]
[htmldemo.net/koncrete/koncrete/assets/images/icons/feature-1.png]
[htmldemo.net/koncrete/koncrete/assets/images/icons/feature-2.png]
[htmldemo.net/koncrete/koncrete/assets/images/icons/feature-3.png]
[htmldemo.net/koncrete/koncrete/assets/images/icons/service-1.png]
[htmldemo.net/koncrete/koncrete/assets/images/icons/service-2.png]
[htmldemo.net/koncrete/koncrete/assets/images/icons/service-3.png]
[htmldemo.net/koncrete/koncrete/assets/images/icons/service-4.png]
[htmldemo.net/koncrete/koncrete/assets/images/icons/service-5.png]
[htmldemo.net/koncrete/koncrete/assets/images/icons/service-6.png]
[htmldemo.net/koncrete/koncrete/assets/images/bg/funfact-bg.jpg]
[htmldemo.net/koncrete/koncrete/assets/images/icons/funfact-project.png]
[htmldemo.net/koncrete/koncrete/assets/images/icons/funfact-clients.png]
[htmldemo.net/koncrete/koncrete/assets/images/icons/funfact-success.png]
[htmldemo.net/koncrete/koncrete/assets/images/icons/funfact-award.png]
[htmldemo.net/koncrete/koncrete/assets/images/project/project-1.jpg]
[htmldemo.net/koncrete/koncrete/assets/images/project/project-10.jpg]
[htmldemo.net/koncrete/koncrete/assets/images/project/project-2.jpg]
[htmldemo.net/koncrete/koncrete/assets/images/project/project-3.jpg]
[htmldemo.net/koncrete/koncrete/assets/images/project/project-4.jpg]
[htmldemo.net/koncrete/koncrete/assets/images/project/project-5.jpg]
[htmldemo.net/koncrete/koncrete/assets/images/project/project-11.jpg]
[htmldemo.net/koncrete/koncrete/assets/images/project/project-6.jpg]
[htmldemo.net/koncrete/koncrete/assets/images/project/project-7.jpg]
[htmldemo.net/koncrete/koncrete/assets/images/project/project-8.jpg]
[htmldemo.net/koncrete/koncrete/assets/images/project/project-9.jpg]
[htmldemo.net/koncrete/koncrete/assets/images/project/project-12.jpg]
[htmldemo.net/koncrete/koncrete/assets/images/team/team-1.jpg]
[htmldemo.net/koncrete/koncrete/assets/images/team/team-2.jpg]
[htmldemo.net/koncrete/koncrete/assets/images/team/team-3.jpg]
[htmldemo.net/koncrete/koncrete/assets/images/team/team-4.jpg]
[htmldemo.net/koncrete/koncrete/assets/images/author/author-1.jpg]
[htmldemo.net/koncrete/koncrete/assets/images/author/author-2.jpg]
[htmldemo.net/koncrete/koncrete/assets/images/author/author-3.jpg]
[htmldemo.net/koncrete/koncrete/assets/images/author/author-4.jpg]
[htmldemo.net/koncrete/koncrete/assets/images/blog/blog-1.jpg]
[htmldemo.net/koncrete/koncrete/assets/images/blog/blog-2.jpg]
[htmldemo.net/koncrete/koncrete/assets/images/blog/blog-3.jpg]
[htmldemo.net/koncrete/koncrete/assets/images/blog/blog-4.jpg]
[htmldemo.net/koncrete/koncrete/assets/images/brands/brand-1.png]
[htmldemo.net/koncrete/koncrete/assets/images/brands/brand-2.png]
[htmldemo.net/koncrete/koncrete/assets/images/brands/brand-3.png]
[htmldemo.net/koncrete/koncrete/assets/images/brands/brand-4.png]
[htmldemo.net/koncrete/koncrete/assets/images/bg/footer-bg.jpg]
[htmldemo.net/koncrete/koncrete/assets/js/vendor/jquery-v3.0.0.min.js]
[htmldemo.net/koncrete/koncrete/assets/js/popper.min.js]
[htmldemo.net/koncrete/koncrete/assets/js/bootstrap.min.js]
[htmldemo.net/koncrete/koncrete/index.html]
[htmldemo.net/koncrete/koncrete/assets/css/bootstrap.min.css]
[htmldemo.net/koncrete/koncrete/assets/js/main.js]
[htmldemo.net/koncrete/koncrete/assets/js/plugins.js]
[htmldemo.net/koncrete/koncrete/assets/fonts/fontawesome-webfont3e6e.woff2]
[htmldemo.net/koncrete/koncrete/assets/fonts/fontawesome-webfont3e6e.eot]
[htmldemo.net/koncrete/koncrete/assets/fonts/fontawesome-webfontd41d.eot]
[htmldemo.net/koncrete/koncrete/assets/fonts/fontawesome-webfont3e6e.woff]
[htmldemo.net/koncrete/koncrete/assets/fonts/fontawesome-webfont3e6e.ttf]
[htmldemo.net/koncrete/koncrete/assets/fonts/Pe-icon-7-strokebb1d.eot]
[htmldemo.net/koncrete/koncrete/assets/fonts/Pe-icon-7-stroked41d.eot]
[htmldemo.net/koncrete/koncrete/assets/fonts/Pe-icon-7-strokebb1d.woff]
[htmldemo.net/koncrete/koncrete/assets/fonts/fontawesome-webfont3e6e.svg]
[htmldemo.net/koncrete/koncrete/assets/fonts/Pe-icon-7-strokebb1d.ttf]
[htmldemo.net/koncrete/koncrete/assets/css/iconfont.min.css]
[htmldemo.net/koncrete/koncrete/assets/fonts/Pe-icon-7-strokebb1d.svg]
[htmldemo.net/koncrete/koncrete/assets/css/font/ytp-regular.eot]
[htmldemo.net/koncrete/koncrete/assets/css/plugins.css]
[htmldemo.net/koncrete/koncrete/assets/css/helper.css]
[htmldemo.net/koncrete/koncrete/assets/images/icons/helmet-yellow-dark.png]
[htmldemo.net/koncrete/koncrete/assets/images/icons/quote-left.png]
[htmldemo.net/koncrete/koncrete/assets/css/style.css]
[htmldemo.net/koncrete/koncrete/assets/images/about/about-1.jpg]
[htmldemo.net/koncrete/koncrete/assets/images/about/about-2.jpg]
[htmldemo.net/koncrete/koncrete/assets/images/service/service-1.jpg]
[htmldemo.net/koncrete/koncrete/assets/images/icons/service-small-1.png]
[htmldemo.net/koncrete/koncrete/assets/images/service/service-2.jpg]
[htmldemo.net/koncrete/koncrete/assets/images/icons/service-small-2.png]
[htmldemo.net/koncrete/koncrete/assets/images/service/service-3.jpg]
[htmldemo.net/koncrete/koncrete/assets/images/icons/service-small-3.png]
[htmldemo.net/koncrete/koncrete/assets/images/service/service-4.jpg]
[htmldemo.net/koncrete/koncrete/assets/images/icons/service-small-4.png]
[htmldemo.net/koncrete/koncrete/assets/images/service/service-5.jpg]
[htmldemo.net/koncrete/koncrete/assets/images/icons/service-small-5.png]
[htmldemo.net/koncrete/koncrete/assets/images/service/service-6.jpg]
[htmldemo.net/koncrete/koncrete/assets/images/icons/service-small-6.png]
[htmldemo.net/koncrete/koncrete/assets/images/team/team-1-small.jpg]
[htmldemo.net/koncrete/koncrete/assets/images/team/team-2-small.jpg]
[htmldemo.net/koncrete/koncrete/assets/images/team/team-3-small.jpg]
[htmldemo.net/koncrete/koncrete/assets/images/team/team-4-small.jpg]
[htmldemo.net/koncrete/koncrete/index-2.html]
[htmldemo.net/koncrete/koncrete/about.html]
[htmldemo.net/koncrete/koncrete/service.html]
[htmldemo.net/koncrete/koncrete/service-2.html]
[htmldemo.net/koncrete/koncrete/assets/images/service/service-details-1.jpg]
[htmldemo.net/koncrete/koncrete/assets/images/service/service-details-2.jpg]
[htmldemo.net/koncrete/koncrete/assets/images/service/service-details-3.jpg]
[htmldemo.net/koncrete/koncrete/assets/images/service/service-details-4.jpg]
[htmldemo.net/koncrete/koncrete/assets/images/service/service-details-5.jpg]
[htmldemo.net/koncrete/koncrete/assets/images/service/service-details-6.jpg]
[htmldemo.net/koncrete/koncrete/service-details.html]
[htmldemo.net/koncrete/koncrete/service-details-right-sidebar.html]
[htmldemo.net/koncrete/koncrete/project.html]
[htmldemo.net/koncrete/koncrete/project-2-column.html]
[htmldemo.net/koncrete/koncrete/project-3-column.html]
[htmldemo.net/koncrete/koncrete/project-2-column-gutter-less.html]
[htmldemo.net/koncrete/koncrete/project-3-column-gutter-less.html]
[htmldemo.net/koncrete/koncrete/project-gutter-less.html]
[htmldemo.net/koncrete/koncrete/project-full-width-5-column.html]
[htmldemo.net/koncrete/koncrete/project-full-width-3-column.html]
[htmldemo.net/koncrete/koncrete/project-full-width-4-column.html]
[htmldemo.net/koncrete/koncrete/project-full-width-3-column-gutter-less.html]
[htmldemo.net/koncrete/koncrete/project-full-width-4-column-gutter-less.html]
[htmldemo.net/koncrete/koncrete/project-full-width-5-column-gutter-less.html]
[htmldemo.net/koncrete/koncrete/assets/images/project/project-details.jpg]
[htmldemo.net/koncrete/koncrete/project-details.html]
[htmldemo.net/koncrete/koncrete/assets/images/product/product-1.jpg]
[htmldemo.net/koncrete/koncrete/assets/images/product/product-2.jpg]
[htmldemo.net/koncrete/koncrete/assets/images/product/product-3.jpg]
[htmldemo.net/koncrete/koncrete/assets/images/product/product-4.jpg]
[htmldemo.net/koncrete/koncrete/assets/images/product/product-5.jpg]
[htmldemo.net/koncrete/koncrete/assets/images/product/product-6.jpg]
[htmldemo.net/koncrete/koncrete/assets/images/product/product-7.jpg]
[htmldemo.net/koncrete/koncrete/assets/images/product/product-8.jpg]
[htmldemo.net/koncrete/koncrete/shop.html]
[htmldemo.net/koncrete/koncrete/assets/images/product/product-9.jpg]
[htmldemo.net/koncrete/koncrete/assets/images/product/product-1-sidebar.jpg]
[htmldemo.net/koncrete/koncrete/assets/images/product/product-2-sidebar.jpg]
[htmldemo.net/koncrete/koncrete/assets/images/product/product-3-sidebar.jpg]
[htmldemo.net/koncrete/koncrete/shop-left-sidebar.html]
[htmldemo.net/koncrete/koncrete/shop-right-sidebar.html]
[htmldemo.net/koncrete/koncrete/assets/images/product/product-1-big.jpg]
[htmldemo.net/koncrete/koncrete/assets/images/product/product-1-mid.jpg]
[htmldemo.net/koncrete/koncrete/assets/images/product/product-2-big.jpg]
[htmldemo.net/koncrete/koncrete/assets/images/product/product-2-mid.jpg]
[htmldemo.net/koncrete/koncrete/assets/images/product/product-3-big.jpg]
[htmldemo.net/koncrete/koncrete/assets/images/product/product-3-mid.jpg]
[htmldemo.net/koncrete/koncrete/assets/images/product/product-4-big.jpg]
[htmldemo.net/koncrete/koncrete/assets/images/product/product-4-mid.jpg]
[htmldemo.net/koncrete/koncrete/assets/images/product/product-5-big.jpg]
[htmldemo.net/koncrete/koncrete/assets/images/product/product-5-mid.jpg]
[htmldemo.net/koncrete/koncrete/assets/images/product/product-1-small.jpg]
[htmldemo.net/koncrete/koncrete/assets/images/product/product-2-small.jpg]
[htmldemo.net/koncrete/koncrete/assets/images/product/product-3-small.jpg]
[htmldemo.net/koncrete/koncrete/assets/images/product/product-4-small.jpg]
[htmldemo.net/koncrete/koncrete/assets/images/product/product-5-small.jpg]
[htmldemo.net/koncrete/koncrete/product-details.html]
[htmldemo.net/koncrete/koncrete/product-details-right-sidebar.html]
[htmldemo.net/koncrete/koncrete/cart.html]
[htmldemo.net/koncrete/koncrete/checkout.html]
[htmldemo.net/koncrete/koncrete/assets/images/blog/blog-5.jpg]
[htmldemo.net/koncrete/koncrete/blog.html]
[htmldemo.net/koncrete/koncrete/assets/images/blog/sidebar-blog-1.jpg]
[htmldemo.net/koncrete/koncrete/assets/images/blog/sidebar-blog-2.jpg]
[htmldemo.net/koncrete/koncrete/assets/images/blog/sidebar-blog-3.jpg]
[htmldemo.net/koncrete/koncrete/blog-left-sidebar.html]
[htmldemo.net/koncrete/koncrete/blog-right-sidebar.html]
[htmldemo.net/koncrete/koncrete/assets/images/blog/blog-details-1.jpg]
[htmldemo.net/koncrete/koncrete/blog-details.html]
[htmldemo.net/koncrete/koncrete/blog-details-right-sidebar.html]
[htmldemo.net/koncrete/koncrete/contact.html]
[htmldemo.net/koncrete/koncrete/assets/fonts/fontawesome-webfont3e6e.svg]
[htmldemo.net/koncrete/koncrete/assets/fonts/Pe-icon-7-strokebb1d.svg]
[htmldemo.net/koncrete/koncrete/assets/css/font/ytp-regular.html]
